// Jest Snapshot v1, https://goo.gl/fbAQLP

exports[`renders 1`] = `
<div
  className="css-1dt9r02-ThemeControls"
/>
`;
